2025-12-06 18:24:39.887 [http-nio-8080-exec-3] ERROR ERROR_FILE [e0fe9642c5] - [e0fe9642c5] GlobalExceptionHandler caught Exception: Validation failed for argument [0] in public org.springframework.http.ResponseEntity<goonerd.devhub.common.vo.ApiResponseVo<goonerd.devhub.projectEntity.dto.ProjectResponseDto>> goonerd.devhub.adapters.in.projectEntity.ProjectController.createProject(goonerd.devhub.projectEntity.dto.ProjectCreateRequestDto): [Field error in object 'createProjectRequestDto' on field 'startDate': rejected value [null]; codes [NotNull.createProjectRequestDto.startDate,NotNull.startDate,NotNull.java.time.LocalDate,NotNull]; arguments [org.springframework.context.support.DefaultMessageSourceResolvable: codes [createProjectRequestDto.startDate,startDate]; arguments []; default message [startDate]]; default message [널이어서는 안됩니다]]
org.springframework.web.bind.MethodArgumentNotValidException: Validation failed for argument [0] in public org.springframework.http.ResponseEntity<goonerd.devhub.common.vo.ApiResponseVo<goonerd.devhub.projectEntity.dto.ProjectResponseDto>> goonerd.devhub.adapters.in.projectEntity.ProjectController.createProject(goonerd.devhub.projectEntity.dto.ProjectCreateRequestDto): [Field error in object 'createProjectRequestDto' on field 'startDate': rejected value [null]; codes [NotNull.createProjectRequestDto.startDate,NotNull.startDate,NotNull.java.time.LocalDate,NotNull]; arguments [org.springframework.context.support.DefaultMessageSourceResolvable: codes [createProjectRequestDto.startDate,startDate]; arguments []; default message [startDate]]; default message [널이어서는 안됩니다]]
	at org.springframework.web.servlet.mvc.method.annotation.RequestResponseBodyMethodProcessor.resolveArgument(RequestResponseBodyMethodProcessor.java:159)
	at org.springframework.web.method.support.HandlerMethodArgumentResolverComposite.resolveArgument(HandlerMethodArgumentResolverComposite.java:122)
	at org.springframework.web.method.support.InvocableHandlerMethod.getMethodArgumentValues(InvocableHandlerMethod.java:227)
2025-12-06 18:25:17.611 [http-nio-8080-exec-4] ERROR ERROR_FILE [b676eca5c0] - [b676eca5c0] GlobalExceptionHandler caught Exception: 프로젝트 종료일은 시작일 이후여야 합니다.
goonerd.devhub.common.exception.DomainRuleException: 프로젝트 종료일은 시작일 이후여야 합니다.
	at goonerd.devhub.common.exception.DomainRuleException.of(DomainException.java:17)
	at goonerd.devhub.adapters.out.project.ProjectEntityroject.validateProjectPeriod(Project.java:62)
	at goonerd.devhub.adapters.out.project.ProjectEntityroject.<init>(Project.java:41)
2025-12-07 18:51:02.714 [http-nio-8080-exec-1] ERROR ERROR_FILE [e1b140ec01] - [e1b140ec01] -----GlobalExceptionHandler-----: could not prepare statement [Syntax error in SQL statement "/* <criteria> */ select u1_0.user_id,u1_0.created_at,u1_0.created_by,u1_0.modified_at,u1_0.modified_by,u1_0.password,u1_0.role,u1_0.applicantName from [*]userEntity u1_0 where u1_0.applicantName=?"; expected "identifier"; SQL statement:
/* <criteria> */ select u1_0.user_id,u1_0.created_at,u1_0.created_by,u1_0.modified_at,u1_0.modified_by,u1_0.password,u1_0.role,u1_0.applicantName from userEntity u1_0 where u1_0.applicantName=? [42001-232]] [/* <criteria> */ select u1_0.user_id,u1_0.created_at,u1_0.created_by,u1_0.modified_at,u1_0.modified_by,u1_0.password,u1_0.role,u1_0.applicantName from userEntity u1_0 where u1_0.applicantName=?]; SQL [/* <criteria> */ select u1_0.user_id,u1_0.created_at,u1_0.created_by,u1_0.modified_at,u1_0.modified_by,u1_0.password,u1_0.role,u1_0.applicantName from userEntity u1_0 where u1_0.applicantName=?]
org.springframework.dao.InvalidDataAccessResourceUsageException: could not prepare statement [Syntax error in SQL statement "/* <criteria> */ select u1_0.user_id,u1_0.created_at,u1_0.created_by,u1_0.modified_at,u1_0.modified_by,u1_0.password,u1_0.role,u1_0.applicantName from [*]userEntity u1_0 where u1_0.applicantName=?"; expected "identifier"; SQL statement:
/* <criteria> */ select u1_0.user_id,u1_0.created_at,u1_0.created_by,u1_0.modified_at,u1_0.modified_by,u1_0.password,u1_0.role,u1_0.applicantName from userEntity u1_0 where u1_0.applicantName=? [42001-232]] [/* <criteria> */ select u1_0.user_id,u1_0.created_at,u1_0.created_by,u1_0.modified_at,u1_0.modified_by,u1_0.password,u1_0.role,u1_0.applicantName from userEntity u1_0 where u1_0.applicantName=?]; SQL [/* <criteria> */ select u1_0.user_id,u1_0.created_at,u1_0.created_by,u1_0.modified_at,u1_0.modified_by,u1_0.password,u1_0.role,u1_0.applicantName from userEntity u1_0 where u1_0.applicantName=?]
	at org.springframework.orm.jpa.vendor.HibernateJpaDialect.convertHibernateAccessException(HibernateJpaDialect.java:281)
	at org.springframework.orm.jpa.vendor.HibernateJpaDialect.convertHibernateAccessException(HibernateJpaDialect.java:256)
	at org.springframework.orm.jpa.vendor.HibernateJpaDialect.translateExceptionIfPossible(HibernateJpaDialect.java:241)
Caused by: org.hibernate.exception.SQLGrammarException: could not prepare statement [Syntax error in SQL statement "/* <criteria> */ select u1_0.user_id,u1_0.created_at,u1_0.created_by,u1_0.modified_at,u1_0.modified_by,u1_0.password,u1_0.role,u1_0.applicantName from [*]userEntity u1_0 where u1_0.applicantName=?"; expected "identifier"; SQL statement:
/* <criteria> */ select u1_0.user_id,u1_0.created_at,u1_0.created_by,u1_0.modified_at,u1_0.modified_by,u1_0.password,u1_0.role,u1_0.applicantName from userEntity u1_0 where u1_0.applicantName=? [42001-232]] [/* <criteria> */ select u1_0.user_id,u1_0.created_at,u1_0.created_by,u1_0.modified_at,u1_0.modified_by,u1_0.password,u1_0.role,u1_0.applicantName from userEntity u1_0 where u1_0.applicantName=?]
	at org.hibernate.exception.internal.SQLExceptionTypeDelegate.convert(SQLExceptionTypeDelegate.java:66)
	at org.hibernate.exception.internal.StandardSQLExceptionConverter.convert(StandardSQLExceptionConverter.java:58)
	at org.hibernate.engine.jdbc.spi.SqlExceptionHelper.convert(SqlExceptionHelper.java:108)
Caused by: org.h2.jdbc.JdbcSQLSyntaxErrorException: Syntax error in SQL statement "/* <criteria> */ select u1_0.user_id,u1_0.created_at,u1_0.created_by,u1_0.modified_at,u1_0.modified_by,u1_0.password,u1_0.role,u1_0.applicantName from [*]userEntity u1_0 where u1_0.applicantName=?"; expected "identifier"; SQL statement:
/* <criteria> */ select u1_0.user_id,u1_0.created_at,u1_0.created_by,u1_0.modified_at,u1_0.modified_by,u1_0.password,u1_0.role,u1_0.applicantName from userEntity u1_0 where u1_0.applicantName=? [42001-232]
	at org.h2.message.DbException.getJdbcSQLException(DbException.java:514)
	at org.h2.message.DbException.getJdbcSQLException(DbException.java:489)
	at org.h2.message.DbException.getSyntaxError(DbException.java:261)
2025-12-07 21:55:58.816 [http-nio-8080-exec-1] ERROR ERROR_FILE [c59c3f9636] - [c59c3f9636] -----GlobalExceptionHandler-----: No static resource auth/signuo.
org.springframework.web.servlet.resource.NoResourceFoundException: No static resource auth/signuo.
	at org.springframework.web.servlet.resource.ResourceHttpRequestHandler.handleRequest(ResourceHttpRequestHandler.java:585)
	at org.springframework.web.servlet.mvc.HttpRequestHandlerAdapter.handle(HttpRequestHandlerAdapter.java:52)
	at org.springframework.web.servlet.DispatcherServlet.doDispatch(DispatcherServlet.java:1089)
